VERS_1.0 {
    global:
        registerDebugFlags;
        registerLibraryDebugFlags;
        unregisterDebugFlags;

        openlogex;
        closelogex;
        setlogmaskex;
        syslogex;
        vsyslogex;
        asyslogex;
        avsyslogex;

        fileLogger;
        setFileLoggerDirectory;
        setFileLoggerMaxSize;
        openLogFile;
        closeLogFile;

        consoleLogger;
        setConsoleLoggerOpt;

        ctxLogger;
        ctxLogInit;
        ctxLogUnInit;

        getProcessName;
        getFullProcessName;
        getCurrentProcessName;
        getCurrentFullProcessName;
        getcmdLine;
        listPIDS;        

        UDSTCPClient;
        displayFulldebugFlags;

        begin;
        equal;
        contains;
        end;

        sendChildsOutputsToSyslogThread;
        syslogproc;        

    local: *;
};

VERS_1.1 {
    global:
        registerDebugFlags;
        registerLibraryDebugFlags;
        
        stringToSyslogLevel;
        stringToFacility;
        listPIDSEx;        

        openConsoleLogger;
        vdonsoleLogger;

        vfileLogger;
        setFileLoggerMaxSize;
        setFileLoggerMaxDuration;

        vctxLogger;

        getCommandLine;
        
        openLogger;
        openLoggerFromCmdLine;
        openLoggerFromConfigurationFile;
        setLoggerConfiguration;
        dynamicLogger;
        vdynamicLogger;
        closeLogger;
        openLoggerFromCmdLineHelp;
        dynamicLoggerParseCmdLineElement;
		
        parseDuration;
        parseSize;

} VERS_1.0;

VERS_1.2 {
    global:
        parseFlagsOptions;
        openLoggerFromConfigurationFileEx;
} VERS_1.1;

VERS_1.3 {
    global:
        openLogThreadFile;
        threadFileLogger;
        vthreadFileLogger;
        setThreadFileLoggerMaxSize;
        setThreadFileLoggerMaxDuration;
        setThreadFileLoggerDirectory;
        closeLogThreadFile;
} VERS_1.2;